Information: Propagating switching activity (low effort zero delay simulation). (PWR-6)
Warning: Design has unannotated primary inputs. (PWR-414)
Warning: Design has unannotated sequential cell outputs. (PWR-415)
 
****************************************
Report : power
        -analysis_effort low
Design : I2S_Slave
Version: N-2017.09-SP5
Date   : Wed Apr 17 14:05:24 2019
****************************************


Library(s) Used:

    tcbn40lpbwptc (File: /cae/apps/data/tsmclibs-2013/digital/Front_End/timing_power_noise/NLDM/tcbn40lpbwp_120b/tcbn40lpbwptc.db)


Operating Conditions: NCCOM   Library: tcbn40lpbwptc
Wire Load Model Mode: segmented

Design        Wire Load Model            Library
------------------------------------------------
I2S_Slave              TSMC32K_Lowk_Conservative
                                         tcbn40lpbwptc


Global Operating Voltage = 1.1  
Power-specific unit information :
    Voltage Units = 1V
    Capacitance Units = 1.000000pf
    Time Units = 1ns
    Dynamic Power Units = 1mW    (derived from V,C,T units)
    Leakage Power Units = 1nW


  Cell Internal Power  = 162.9389 uW   (92%)
  Net Switching Power  =  13.3278 uW    (8%)
                         ---------
Total Dynamic Power    = 176.2667 uW  (100%)

Cell Leakage Power     =  59.1297 nW


                 Internal         Switching           Leakage            Total
Power Group      Power            Power               Power              Power   (   %    )  Attrs
--------------------------------------------------------------------------------------------------
io_pad             0.0000            0.0000            0.0000            0.0000  (   0.00%)
memory             0.0000            0.0000            0.0000            0.0000  (   0.00%)
black_box          0.0000            0.0000            0.0000            0.0000  (   0.00%)
clock_network      0.0000            0.0000            0.0000            0.0000  (   0.00%)
register           0.1611        9.1611e-04           24.8890            0.1621  (  91.90%)
sequential         0.0000            0.0000            0.0000            0.0000  (   0.00%)
combinational  1.8283e-03        1.2412e-02           34.2408        1.4274e-02  (   8.10%)
--------------------------------------------------------------------------------------------------
Total              0.1629 mW     1.3328e-02 mW        59.1297 nW         0.1763 mW
1
